Microsoft Windows [Version 10.0.19045.2486]
(c) Microsoft Corporation. All rights reserved.

E:\python>git branch

E:\python>git status
On branch master

No commits yet

nothing to commit (create/copy files and use "git add" to track)

E:\python>git branch -M main

E:\python>git remote add origin https://github.com/singla-shubham/python-demo.git

E:\python>git push -u origin main
error: src refspec main does not match any
error: failed to push some refs to 'https://github.com/singla-shubham/python-demo.git'

E:\python>echo "# python-demo" >> README.md

E:\python>git add /
fatal: /: '/' is outside repository at 'E:/python'

E:\python>git add .

E:\python>git status
On branch main

No commits yet

Changes to be committed:
  (use "git rm --cached <file>..." to unstage)
        new file:   README.md


E:\python>git commit -m "first commit"
Author identity unknown

*** Please tell me who you are.

Run

  git config --global user.email "you@example.com"
  git config --global user.name "Your Name"

to set your account's default identity.
Omit --global to set the identity only in this repository.

fatal: unable to auto-detect email address (got 'HOME@DESKTOP-P3GMA1L.(none)')

E:\python>git git config --global user.email "shubhams12321@gmail.com"

E:\python>
E:\python>
E:\python>
E:\python>
E:\python>
E:\python>
E:\python>
E:\python>
E:\python>git config --global user.email "shubhams12321@gmail.com"

E:\python>git config --global user.name "Shubham Singla"

E:\python>git commit -m "first commit"
[main (root-commit) 8bb8b13] first commit
 1 file changed, 1 insertion(+)
 create mode 100644 README.md

E:\python>git push
fatal: The current branch main has no upstream branch.
To push the current branch and set the remote as upstream, use

    git push --set-upstream origin main

To have this happen automatically for branches without a tracking
upstream, see 'push.autoSetupRemote' in 'git help config'.


E:\python>    git push --set-upstream origin main

E:\python>

E:\python>git remote get-url origin
https://github.com/singla-shubham/python-demo.git

E:\python>git remote set-url origin https://singla-shubham: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@github.com/singla-shubham/python-demo.git

E:\python>    git push --set-upstream origin main
Enumerating objects: 3, done.
Counting objects: 100% (3/3), done.
Writing objects: 100% (3/3), 234 bytes | 19.00 KiB/s, done.
Total 3 (delta 0), reused 0 (delta 0), pack-reused 0
To https://github.com/singla-shubham/python-demo.git
 * [new branch]      main -> main
branch 'main' set up to track 'origin/main'.

E:\python>
E:\python>
E:\python>
E:\python>
E:\python>
E:\python>